// Jest Snapshot v1, https://goo.gl/fbAQLP

exports[`should render editExpense correctly 1`] = `
<div>
  <div
    className="page-header"
  >
    <div
      className="content-container"
    >
      <h1
        className="page-header__title"
      >
        Edit Expense
      </h1>
    </div>
  </div>
  <div
    className="content-container"
  >
    <ExpenseForm
      expense={
        Object {
          "amount": 200,
          "createAt": 0,
          "description": "Food",
          "id": "1",
          "note": "",
        }
      }
      onSubmit={[Function]}
    />
    <button
      className="edit-expense__secondary"
      onClick={[Function]}
    >
      Remove Expense
    </button>
  </div>
</div>
`;
