// Jest Snapshot v1, https://goo.gl/fbAQLP

exports[`should render an ExpenseListItem 1`] = `
<div>
  <h3>
    <Link
      replace={false}
      to="/edit/1"
    >
      Food
    </Link>
  </h3>
  <p>
    $2.00
    -
    January 1st 1970
  </p>
</div>
`;
