// Jest Snapshot v1, https://goo.gl/fbAQLP

exports[`should render ExpenseList with empty message 1`] = `
<div
  className="content-container"
>
  <div
    className="list-header"
  >
    <div
      className="show-for-mobile"
    >
      Expenses
    </div>
    <div
      className="show-for-desktop"
    >
      Expense
    </div>
    <div
      className="show-for-desktop"
    >
      Amount
    </div>
  </div>
  <div
    className="list-body"
  >
    <div
      className="list-item list-item--message"
    >
      <span>
        No expenses
      </span>
    </div>
  </div>
</div>
`;

exports[`should render ExpenseList with expenses 1`] = `
<div
  className="content-container"
>
  <div
    className="list-header"
  >
    <div
      className="show-for-mobile"
    >
      Expenses
    </div>
    <div
      className="show-for-desktop"
    >
      Expense
    </div>
    <div
      className="show-for-desktop"
    >
      Amount
    </div>
  </div>
  <div
    className="list-body"
  >
    <ExpenseListItem
      amount={200}
      createAt={0}
      description="Food"
      id="1"
      key="1"
      note=""
    />
    <ExpenseListItem
      amount={51500}
      createAt={-345600000}
      description="Water"
      id="2"
      key="2"
      note=""
    />
    <ExpenseListItem
      amount={40000}
      createAt={345600000}
      description="Municipal Services"
      id="3"
      key="3"
      note=""
    />
    <ExpenseListItem
      amount={80000}
      createAt={691200000}
      description="Rent"
      id="4"
      key="4"
      note=""
    />
  </div>
</div>
`;
